hello!
test

asadf
asdf
